src/app/App.tsx(208,37): error TS2741: Property 'organizacion_id' is missing in type '{ cotizacion_id: any; evento: string; }' but required in type 'Omit<CotizacionEvento, "created_at" | "id" | "usuario_id">'.
src/app/App.tsx(220,37): error TS2741: Property 'organizacion_id' is missing in type '{ cotizacion_id: string; evento: string; }' but required in type 'Omit<CotizacionEvento, "created_at" | "id" | "usuario_id">'.
src/app/App.tsx(238,35): error TS2741: Property 'organizacion_id' is missing in type '{ cotizacion_id: string; evento: string; }' but required in type 'Omit<CotizacionEvento, "created_at" | "id" | "usuario_id">'.
src/app/App.tsx(366,50): error TS2304: Cannot find name 'Pago'.
src/app/App.tsx(370,37): error TS2741: Property 'organizacion_id' is missing in type '{ cotizacion_id: Pago; evento: string; }' but required in type 'Omit<CotizacionEvento, "created_at" | "id" | "usuario_id">'.
src/app/App.tsx(761,10): error TS2304: Cannot find name 'PDFFullPageMoodboard'.
src/app/components/ComprasProveedor/CompraPDFTemplate.tsx(33,24): error TS2339: Property 'rfc' does not exist on type 'Proveedor'.
src/app/components/ComprasProveedor/CompraPDFTemplate.tsx(33,89): error TS2339: Property 'rfc' does not exist on type 'Proveedor'.
src/app/components/ComprasProveedor/CompraPDFTemplate.tsx(35,24): error TS2339: Property 'correo' does not exist on type 'Proveedor'.
src/app/components/ComprasProveedor/CompraPDFTemplate.tsx(35,94): error TS2339: Property 'correo' does not exist on type 'Proveedor'.
src/app/components/ComprasProveedor/CompraPDFTemplate.tsx(36,24): error TS2339: Property 'dias_credito' does not exist on type 'Proveedor'.
src/app/components/ComprasProveedor/CompraPDFTemplate.tsx(36,107): error TS2339: Property 'dias_credito' does not exist on type 'Proveedor'.
src/app/components/ComprasProveedor/CompraPDFTemplate.tsx(76,70): error TS2339: Property 'total' does not exist on type 'CompraProveedor'.
src/app/components/Cotizaciones/CotizacionEditor.tsx(106,9): error TS2322: Type 'CostosIndirectos' is not assignable to type '{ mano_obra: number; insumos_dtf: number; empaque: number; mermas: number; envio: number; otros: number; }'.
  Property 'mano_obra' is optional in type 'CostosIndirectos' but required in type '{ mano_obra: number; insumos_dtf: number; empaque: number; mermas: number; envio: number; otros: number; }'.
src/app/components/Cotizaciones/CotizacionEditor.tsx(114,9): error TS2322: Type 'ComisionesPago' is not assignable to type '{ porcentaje: number; fijo: number; }'.
  Property 'porcentaje' is optional in type 'ComisionesPago' but required in type '{ porcentaje: number; fijo: number; }'.
src/app/components/Cotizaciones/CotizacionEditor.tsx(736,63): error TS2322: Type '{ onGuardar: (nuevoCliente: Omit<Cliente, "id">) => Promise<void>; onCancelar: () => void; }' is not assignable to type 'IntrinsicAttributes & ClienteModalProps'.
  Property 'onCancelar' does not exist on type 'IntrinsicAttributes & ClienteModalProps'.
src/app/components/Cotizaciones/CotizacionEditor.tsx(1142,49): error TS2345: Argument of type '(prev: { cliente_id: string; contacto_id: string; fecha: string; validez_dias: any; estado: EstadoCotizacion; con_factura: boolean; descripcion: string; nota: any; items: ItemCotizacion[]; costos_indirectos: { ...; }; comisiones_pago: { ...; }; }) => { ...; }' is not assignable to parameter of type 'SetStateAction<{ cliente_id: string; contacto_id: string; fecha: string; validez_dias: any; estado: EstadoCotizacion; con_factura: boolean; descripcion: string; nota: any; items: ItemCotizacion[]; costos_indirectos: { ...; }; comisiones_pago: { ...; }; }>'.
  Type '(prev: { cliente_id: string; contacto_id: string; fecha: string; validez_dias: any; estado: EstadoCotizacion; con_factura: boolean; descripcion: string; nota: any; items: ItemCotizacion[]; costos_indirectos: { ...; }; comisiones_pago: { ...; }; }) => { ...; }' is not assignable to type '(prevState: { cliente_id: string; contacto_id: string; fecha: string; validez_dias: any; estado: EstadoCotizacion; con_factura: boolean; descripcion: string; nota: any; items: ItemCotizacion[]; costos_indirectos: { ...; }; comisiones_pago: { ...; }; }) => { ...; }'.
    Type '{ cliente_id: string; contacto_id: string | undefined; fecha: string; validez_dias: any; estado: EstadoCotizacion; con_factura: boolean; descripcion: string; nota: any; items: ItemCotizacion[]; comisiones_pago: { porcentaje: number; fijo: number; }; costos_indirectos: CostosIndirectos; }' is not assignable to type '{ cliente_id: string; contacto_id: string | undefined; fecha: string; validez_dias: any; estado: EstadoCotizacion; con_factura: boolean; descripcion: string; nota: any; items: ItemCotizacion[]; costos_indirectos: { mano_obra: number; insumos_dtf: number; empaque: number; mermas: number; envio: number; otros: number;...'.
      Types of property 'costos_indirectos' are incompatible.
        Type 'CostosIndirectos' is not assignable to type '{ mano_obra: number; insumos_dtf: number; empaque: number; mermas: number; envio: number; otros: number; }'.
          Property 'mano_obra' is optional in type 'CostosIndirectos' but required in type '{ mano_obra: number; insumos_dtf: number; empaque: number; mermas: number; envio: number; otros: number; }'.
src/app/components/Cotizaciones/CotizacionEditor.tsx(1143,57): error TS2345: Argument of type '(prev: { cliente_id: string; contacto_id: string; fecha: string; validez_dias: any; estado: EstadoCotizacion; con_factura: boolean; descripcion: string; nota: any; items: ItemCotizacion[]; costos_indirectos: { ...; }; comisiones_pago: { ...; }; }) => { ...; }' is not assignable to parameter of type 'SetStateAction<{ cliente_id: string; contacto_id: string; fecha: string; validez_dias: any; estado: EstadoCotizacion; con_factura: boolean; descripcion: string; nota: any; items: ItemCotizacion[]; costos_indirectos: { ...; }; comisiones_pago: { ...; }; }>'.
  Type '(prev: { cliente_id: string; contacto_id: string; fecha: string; validez_dias: any; estado: EstadoCotizacion; con_factura: boolean; descripcion: string; nota: any; items: ItemCotizacion[]; costos_indirectos: { ...; }; comisiones_pago: { ...; }; }) => { ...; }' is not assignable to type '(prevState: { cliente_id: string; contacto_id: string; fecha: string; validez_dias: any; estado: EstadoCotizacion; con_factura: boolean; descripcion: string; nota: any; items: ItemCotizacion[]; costos_indirectos: { ...; }; comisiones_pago: { ...; }; }) => { ...; }'.
    Type '{ cliente_id: string; contacto_id: string; fecha: string; validez_dias: any; estado: import("C:/Users/luisa/Downloads/proyectos_antygravity/Remolques/src/app/types/index").EstadoCotizacion; ... 5 more ...; comisiones_pago: import("C:/Users/luisa/Downloads/proyectos_antygravity/Remolques/src/app/types/index").Comisio...' is not assignable to type '{ cliente_id: string; contacto_id: string; fecha: string; validez_dias: any; estado: import("C:/Users/luisa/Downloads/proyectos_antygravity/Remolques/src/app/types/index").EstadoCotizacion; ... 5 more ...; comisiones_pago: { ...; }; }'.
      Types of property 'comisiones_pago' are incompatible.
        Type 'ComisionesPago' is not assignable to type '{ porcentaje: number; fijo: number; }'.
          Property 'porcentaje' is optional in type 'ComisionesPago' but required in type '{ porcentaje: number; fijo: number; }'.
src/app/components/Cotizaciones/CotizacionesList.tsx(122,37): error TS2339: Property 'organizacion_id' does not exist on type 'Cotizacion'.
src/app/components/Cotizaciones/CotizacionesList.tsx(129,34): error TS2339: Property 'total_cotizacion' does not exist on type 'Cotizacion'.
src/app/components/Cotizaciones/GenerarRequisicionModal.tsx(47,34): error TS2304: Cannot find name 'BASE_URL'.
src/app/components/Cotizaciones/PDFTemplateLeolca.tsx(12,74): error TS2554: Expected 1-2 arguments, but got 3.
src/app/components/Cotizaciones/PDFTemplateLeolca.tsx(63,29): error TS2339: Property 'nota' does not exist on type 'ItemCotizacion'.
src/app/components/Cotizaciones/PDFTemplateLeolca.tsx(63,85): error TS2339: Property 'nota' does not exist on type 'ItemCotizacion'.
src/app/components/Cotizaciones/PDFTemplateModern.tsx(169,25): error TS2339: Property 'observaciones' does not exist on type 'ItemCotizacion'.
src/app/components/Cotizaciones/PDFTemplateModern.tsx(173,31): error TS2339: Property 'observaciones' does not exist on type 'ItemCotizacion'.
src/app/components/Cotizaciones/PDFTemplateModern.tsx(191,43): error TS2339: Property 'total' does not exist on type 'ItemCotizacion'.
src/app/components/Cotizaciones/PDFTemplateModern.tsx(247,28): error TS2339: Property 'observaciones' does not exist on type 'Cotizacion'.
src/app/components/Cotizaciones/PDFTemplateModern.tsx(248,16): error TS2339: Property 'observaciones' does not exist on type 'Cotizacion'.
src/app/components/Cotizaciones/PDFTemplateMoodboard.tsx(68,21): error TS2339: Property 'logo_url' does not exist on type 'Ajustes'.
src/app/components/Cotizaciones/PDFTemplateMoodboard.tsx(69,31): error TS2339: Property 'logo_url' does not exist on type 'Ajustes'.
src/app/components/Cotizaciones/PDFTemplateMoodboard.tsx(94,21): error TS2339: Property 'logo_url' does not exist on type 'Ajustes'.
src/app/components/Cotizaciones/PDFTemplateMoodboard.tsx(95,31): error TS2339: Property 'logo_url' does not exist on type 'Ajustes'.
src/app/components/Finanzas/CuentasPorCobrar.tsx(33,62): error TS2367: This comparison appears to be unintentional because the types '"Aprobada" | "Enviada" | "Pagada"' and '"Rechazada"' have no overlap.
src/app/components/Finanzas/CuentasPorCobrar.tsx(148,114): error TS2339: Property 'saldoPendiente' does not exist on type 'Cotizacion'.
src/app/components/Finanzas/CuentasPorCobrar.tsx(152,162): error TS2339: Property 'saldoPendiente' does not exist on type 'Cotizacion'.
src/app/components/OrdenesTrabajo/LiberacionPDF.tsx(33,33): error TS2339: Property 'nombre' does not exist on type 'Cliente'.
src/app/components/OrdenesTrabajo/OrdenTrabajoPDF.tsx(29,66): error TS2339: Property 'nombre' does not exist on type 'Cliente'.
src/app/components/OrdenesTrabajo/OrdenesTrabajoList.tsx(35,16): error TS2339: Property 'nombre' does not exist on type 'Cliente'.
src/app/components/OrdenesTrabajo/OrdenesTrabajoList.tsx(77,56): error TS2339: Property 'nombre' does not exist on type 'Cliente'.
src/app/components/OrdenesTrabajo/OrdenesTrabajoList.tsx(130,61): error TS2339: Property 'nombre' does not exist on type 'Cliente'.
src/app/components/Presupuestos/PresupuestoEditor.tsx(185,75): error TS2339: Property 'nombre_comercial' does not exist on type 'Cliente'.
src/app/components/Presupuestos/PresupuestoEditor.tsx(185,97): error TS2339: Property 'razon_social' does not exist on type 'Cliente'.
src/app/components/Presupuestos/PresupuestoPDF.tsx(154,44): error TS2339: Property 'nombre_comercial' does not exist on type 'Cliente'.
src/app/components/Presupuestos/PresupuestoPDF.tsx(154,72): error TS2339: Property 'razon_social' does not exist on type 'Cliente'.
src/app/components/Productos/ProductosList.tsx(102,7): error TS2322: Type 'ServicioPlan' is not assignable to type '{ modo: ServicioModo; setup_precio: number; setup_costo: number; recur_precio: number; recur_costo: number; periodo: PeriodoCobro; min_meses: number; por_asiento: boolean; asientos_incluidos: number; precio_por_asiento: number; }'.
  Property 'setup_precio' is optional in type 'ServicioPlan' but required in type '{ modo: ServicioModo; setup_precio: number; setup_costo: number; recur_precio: number; recur_costo: number; periodo: PeriodoCobro; min_meses: number; por_asiento: boolean; asientos_incluidos: number; precio_por_asiento: number; }'.
src/app/components/Productos/ProductosList.tsx(132,43): error TS2339: Property 'tipo_item' does not exist on type '{ tipo: ProductoTipo; nombre: string; descripcion: string; unidad: string; precio_unitario: number; costo: number; tasa_iva: number; categoria_id: string; servicio: { modo: ServicioModo; ... 8 more ...; precio_por_asiento: number; }; }'.
src/app/components/Productos/ProductosList.tsx(138,13): error TS1345: An expression of type 'void' cannot be tested for truthiness.
src/app/components/Productos/ProductosList.tsx(138,13): error TS1345: An expression of type 'void' cannot be tested for truthiness.
src/app/components/Productos/ProductosList.tsx(138,30): error TS2339: Property 'id' does not exist on type 'never'.
src/app/components/Productos/ProductosList.tsx(138,52): error TS2339: Property 'id' does not exist on type 'never'.
src/app/components/Productos/ProductosList.tsx(296,43): error TS2339: Property 'tipo_item' does not exist on type '{ tipo: ProductoTipo; nombre: string; descripcion: string; unidad: string; precio_unitario: number; costo: number; tasa_iva: number; categoria_id: string; servicio: { modo: ServicioModo; ... 8 more ...; precio_por_asiento: number; }; }'.
src/app/components/Productos/ProductosList.tsx(296,115): error TS2353: Object literal may only specify known properties, and 'tipo_item' does not exist in type 'SetStateAction<{ tipo: ProductoTipo; nombre: string; descripcion: string; unidad: string; precio_unitario: number; costo: number; tasa_iva: number; categoria_id: string; servicio: { modo: ServicioModo; ... 8 more ...; precio_por_asiento: number; }; }>'.
src/app/components/Productos/ProductosList.tsx(329,27): error TS2339: Property 'tipo_item' does not exist on type '{ tipo: ProductoTipo; nombre: string; descripcion: string; unidad: string; precio_unitario: number; costo: number; tasa_iva: number; categoria_id: string; servicio: { modo: ServicioModo; ... 8 more ...; precio_por_asiento: number; }; }'.
src/app/components/TableroProduccion/OrderCard.tsx(6,10): error TS2305: Module '"../../utils/calculations"' has no exported member 'getClientName'.
src/app/components/TableroProduccion/OrderCard.tsx(53,27): error TS2339: Property 'nombre' does not exist on type 'Cliente'.
src/app/components/TableroProduccion/TableroProduccionPage.tsx(33,80): error TS2339: Property 'nombre' does not exist on type 'Cliente'.
src/app/components/TableroProduccion/TableroProduccionPage.tsx(50,20): error TS2339: Property 'nombre' does not exist on type 'Cliente'.
src/app/hooks/useAppData.ts(34,3): error TS2741: Property 'tipo' is missing in type '{ id: string; nombre: string; descripcion: string; unidad: string; precio_unitario: number; tasa_iva: number; }' but required in type 'Producto'.
src/app/hooks/useAppData.ts(42,3): error TS2741: Property 'tipo' is missing in type '{ id: string; nombre: string; descripcion: string; unidad: string; precio_unitario: number; tasa_iva: number; }' but required in type 'Producto'.
src/app/hooks/useAppData.ts(50,3): error TS2741: Property 'tipo' is missing in type '{ id: string; nombre: string; descripcion: string; unidad: string; precio_unitario: number; tasa_iva: number; }' but required in type 'Producto'.
src/app/hooks/useAppData.ts(61,3): error TS2741: Property 'con_factura' is missing in type '{ id: string; folio: string; cliente_id: string; fecha: string; validez_dias: number; estado: "Enviada"; subtotal: number; iva: number; total: number; nota: string; items: [{ id: string; posicion: number; cantidad: number; unidad: string; descripcion: string; numero_proyecto: string; precio_unitario: number; iva_ite...' but required in type 'Cotizacion'.
src/app/imports/Frame4.tsx(20,208): error TS2322: Type '{ className: string; href: string; children: string; }' is not assignable to type 'DetailedHTMLProps<HTMLAttributes<HTMLSpanElement>, HTMLSpanElement>'.
  Property 'href' does not exist on type 'DetailedHTMLProps<HTMLAttributes<HTMLSpanElement>, HTMLSpanElement>'. Did you mean 'ref'?
src/app/imports/Frame4.tsx(205,43): error TS2322: Type 'string' is not assignable to type 'number'.
src/app/imports/Frame4.tsx(242,38): error TS2322: Type 'string' is not assignable to type 'number'.
src/app/supabase/functions/server/index.tsx(1,22): error TS2307: Cannot find module 'npm:hono' or its corresponding type declarations.
src/app/supabase/functions/server/index.tsx(2,46): error TS2307: Cannot find module 'npm:@supabase/supabase-js' or its corresponding type declarations.
src/app/supabase/functions/server/index.tsx(3,22): error TS2307: Cannot find module 'npm:hono/cors' or its corresponding type declarations.
src/app/supabase/functions/server/index.tsx(4,24): error TS2307: Cannot find module 'npm:hono/logger' or its corresponding type declarations.
src/app/supabase/functions/server/index.tsx(14,8): error TS2307: Cannot find module '../../../../types/index.ts' or its corresponding type declarations.
src/app/supabase/functions/server/index.tsx(41,23): error TS2304: Cannot find name 'Deno'.
src/app/supabase/functions/server/index.tsx(42,27): error TS2304: Cannot find name 'Deno'.
src/app/supabase/functions/server/index.tsx(492,26): error TS2304: Cannot find name 'Deno'.
src/app/supabase/functions/server/index.tsx(633,1): error TS2304: Cannot find name 'Deno'.
src/app/supabase/functions/server/kv_store.tsx(13,30): error TS2307: Cannot find module 'jsr:@supabase/supabase-js' or its corresponding type declarations.
src/app/supabase/functions/server/kv_store.tsx(16,3): error TS2304: Cannot find name 'Deno'.
src/app/supabase/functions/server/kv_store.tsx(17,3): error TS2304: Cannot find name 'Deno'.
